// Jest Snapshot v1, https://goo.gl/fbAQLP

exports[`App Component should render the component initially 1`] = `
<div>
  <h1>
    Hello World
  </h1>
</div>
`;
